Failed to log in mertg.
Select a time less than three days in the future.
User mertg logged in.
Select a time less than three days in the future.
Fraudulent transaction detected, aborting request.
Sender cute does not exist.
Select a time less than three days in the future.
User mertg logged out.
Failed to log out mertg.
Failed to log out mertg.
There were 0 transactions that were placed between time 80301402236 to 90301402234.
There were 0 transactions that were placed between time 80301402200 to 80301402200.
281Bank has collected 0 dollars in fees over 20 months 5 days 71 hours 39 minutes 98 seconds.
There were 0 transactions that were placed between time 80201400000 to 93001402200.
Customer mertg account summary:
Balance: $2220000
Total # of transactions: 0
Incoming 0:
Outgoing 0:
Customer paoletti account summary:
Balance: $4000220
Total # of transactions: 0
Incoming 0:
Outgoing 0:
Customer mmdarden account summary:
Balance: $1230000
Total # of transactions: 0
Incoming 0:
Outgoing 0:
Summary of [80302000000, 80303000000):
There were a total of 0 transactions, 281Bank has collected 0 dollars in fees.
Summary of [80502000000, 80503000000):
There were a total of 0 transactions, 281Bank has collected 0 dollars in fees.
