Failed to log in mertg.
User mertg logged in.
At the time of execution, sender and/or recipient have not registered.
At the time of execution, sender and/or recipient have not registered.
User mertg logged out.
There were 0 transactions that were placed between time 80301402236 to 90301402234.
There were 0 transactions that were placed between time 80301402200 to 80301402200.
281Bank has collected 0 dollars in fees over 20 months 5 days 71 hours 39 minutes 98 seconds.
There were 0 transactions that were placed between time 80201400000 to 93001402200.
Customer mertg account summary:
Balance: $20000
Total # of transactions: 0
Incoming 0:
Outgoing 0:
Customer paoletti account summary:
Balance: $40000
Total # of transactions: 0
Incoming 0:
Outgoing 0:
Customer mmdarden account summary:
Balance: $30000
Total # of transactions: 0
Incoming 0:
Outgoing 0:
Summary of [80302000000, 80303000000):
There were a total of 0 transactions, 281Bank has collected 0 dollars in fees.
Summary of [80502000000, 80503000000):
There were a total of 0 transactions, 281Bank has collected 0 dollars in fees.
